Initialized native services in: C:\Users\tlsgu\.gradle\native
Initialized jansi services in: C:\Users\tlsgu\.gradle\native
Found daemon DaemonInfo{pid=28120, address=[a41fe9c4-f7d8-40be-8d57-6c06cedd1f99 port:59343, addresses:[/127.0.0.1]], state=Idle, lastBusy=1771840253836, context=DefaultDaemonContext[uid=e656b404-eea0-4853-95bb-567711f53d46,javaHome=C:\Users\tlsgu\.antigravity\extensions\redhat.java-1.52.0-win32-x64\jre\21.0.9-win32-x86_64,javaVersion=21,javaVendor=Eclipse Adoptium,daemonRegistryDir=C:\Users\tlsgu\.gradle\daemon,pid=28120,idleTimeout=10800000,priority=NORMAL,applyInstrumentationAgent=true,nativeServicesMode=ENABLED,daemonOpts=-XX:MaxMetaspaceSize=384m,-XX:+HeapDumpOnOutOfMemoryError,-Xms256m,-Xmx512m,-Dfile.encoding=UTF-8,-Duser.country=KR,-Duser.language=ko,-Duser.variant]} however its context does not match the desired criteria.
JVM is incompatible.
Wanted: DaemonRequestContext{jvmCriteria=C:\Program Files\Java\jdk-23 (no JDK specified, using current Java home), daemonOpts=[-XX:MaxMetaspaceSize=384m, -XX:+HeapDumpOnOutOfMemoryError, -Xms256m, -Xmx512m, -Dfile.encoding=UTF-8, -Duser.country=KR, -Duser.language=ko, -Duser.variant], applyInstrumentationAgent=true, nativeServicesMode=ENABLED, priority=NORMAL}
Actual: DefaultDaemonContext[uid=e656b404-eea0-4853-95bb-567711f53d46,javaHome=C:\Users\tlsgu\.antigravity\extensions\redhat.java-1.52.0-win32-x64\jre\21.0.9-win32-x86_64,javaVersion=21,javaVendor=Eclipse Adoptium,daemonRegistryDir=C:\Users\tlsgu\.gradle\daemon,pid=28120,idleTimeout=10800000,priority=NORMAL,applyInstrumentationAgent=true,nativeServicesMode=ENABLED,daemonOpts=-XX:MaxMetaspaceSize=384m,-XX:+HeapDumpOnOutOfMemoryError,-Xms256m,-Xmx512m,-Dfile.encoding=UTF-8,-Duser.country=KR,-Duser.language=ko,-Duser.variant]

  Looking for a different daemon...
The client will now receive all logging from the daemon (pid: 12440). The daemon log file: C:\Users\tlsgu\.gradle\daemon\9.2.1\daemon-12440.out.log
Starting 25th build in daemon [uptime: 1 hrs 23 mins 25.06 secs, performance: 100%, GC rate: 0.00/s, heap usage: 0% of 512 MiB, non-heap usage: 18% of 384 MiB]
Using 16 worker leases.
Operational build model parameters: {requiresToolingModels=false, parallelProjectExecution=false, configureOnDemand=false, configurationCache=false, configurationCacheParallelStore=false, configurationCacheParallelLoad=true, isolatedProjects=false, parallelProjectConfiguration=false, intermediateModelCache=false, parallelToolingApiActions=false, invalidateCoupledProjects=false, modelAsProjectDependency=false, resilientModelBuilding=false}
Now considering [C:\Development\Owner\GigWageTruth] as hierarchies to watch
Watching the file system is configured to be enabled if available
File system watching is active
Starting Build
Resolved plugin [id: 'org.gradle.toolchains.foojay-resolver-convention', version: '1.0.0']
Settings evaluated using settings file 'C:\Development\Owner\GigWageTruth\settings.gradle'.
Projects loaded. Root project using build file 'C:\Development\Owner\GigWageTruth\build.gradle'.
Included projects: [root project 'GigWageTruth']

> Configure project :
Evaluating root project 'GigWageTruth' using build file 'C:\Development\Owner\GigWageTruth\build.gradle'.
Resolved plugin [id: 'java']
Resolved plugin [id: 'org.springframework.boot', version: '3.4.1']
Resolved plugin [id: 'io.spring.dependency-management', version: '1.1.7']
Resolved plugin [id: 'gg.jte.gradle', version: '3.1.12']
Applying dependency management to configuration 'annotationProcessor' in project 'GigWageTruth'
Applying dependency management to configuration 'apiElements' in project 'GigWageTruth'
Applying dependency management to configuration 'archives' in project 'GigWageTruth'
Applying dependency management to configuration 'bootArchives' in project 'GigWageTruth'
Applying dependency management to configuration 'compileClasspath' in project 'GigWageTruth'
Applying dependency management to configuration 'compileOnly' in project 'GigWageTruth'
Applying dependency management to configuration 'default' in project 'GigWageTruth'
Applying dependency management to configuration 'developmentOnly' in project 'GigWageTruth'
Applying dependency management to configuration 'implementation' in project 'GigWageTruth'
Applying dependency management to configuration 'mainSourceElements' in project 'GigWageTruth'
Applying dependency management to configuration 'productionRuntimeClasspath' in project 'GigWageTruth'
Applying dependency management to configuration 'runtimeClasspath' in project 'GigWageTruth'
Applying dependency management to configuration 'runtimeElements' in project 'GigWageTruth'
Applying dependency management to configuration 'runtimeOnly' in project 'GigWageTruth'
Applying dependency management to configuration 'testAndDevelopmentOnly' in project 'GigWageTruth'
Applying dependency management to configuration 'testAnnotationProcessor' in project 'GigWageTruth'
Applying dependency management to configuration 'testCompileClasspath' in project 'GigWageTruth'
Applying dependency management to configuration 'testCompileOnly' in project 'GigWageTruth'
Applying dependency management to configuration 'testImplementation' in project 'GigWageTruth'
Applying dependency management to configuration 'testResultsElementsForTest' in project 'GigWageTruth'
Applying dependency management to configuration 'testRuntimeClasspath' in project 'GigWageTruth'
Applying dependency management to configuration 'testRuntimeOnly' in project 'GigWageTruth'
Applying dependency management to configuration 'jteGenerate' in project 'GigWageTruth'
All projects evaluated.
Task name matched 'test'
Selected primary task 'test' from project :
Resolving global dependency management for project 'GigWageTruth'
Excluding []
Excluding []
Excluding []
Excluding []
Excluding []
Excluding []
Excluding []
Excluding []
Excluding []
Tasks to be executed: [task ':generateJte', task ':compileJava', task ':processResources', task ':classes', task ':compileTestJava', task ':precompileJte', task ':processTestResources', task ':testClasses', task ':test']
Tasks that were excluded: []
Resolve mutations for :generateJte (Thread[#5428,Execution worker,5,main]) started.
:generateJte (Thread[#5434,Execution worker Thread 7,5,main]) started.

> Task :generateJte UP-TO-DATE
Caching disabled for task ':generateJte' because:
  Build cache is disabled
Skipping task ':generateJte' as it is up-to-date.
Resolve mutations for :compileJava (Thread[#5434,Execution worker Thread 7,5,main]) started.
:compileJava (Thread[#5434,Execution worker Thread 7,5,main]) started.

> Task :compileJava FAILED
Custom actions are attached to task ':compileJava'.
Caching disabled for task ':compileJava' because:
  Build cache is disabled
Task ':compileJava' is not up-to-date because:
  Input property 'stableSources' file C:\Development\Owner\GigWageTruth\src\main\java\com\gigwager\controller\PageController.java has changed.
  Input property 'stableSources' file C:\Development\Owner\GigWageTruth\build\generated-sources\jte\gg\jte\generated\precompiled\JtedoordashGenerated.java has changed.
  Input property 'stableSources' file C:\Development\Owner\GigWageTruth\build\generated-sources\jte\gg\jte\generated\precompiled\JteindexGenerated.java has changed.
  and more...
Compilation mode: default, forking compiler
Created classpath snapshot for incremental compilation in 0.008 secs.
Compiling with toolchain 'C:\Users\tlsgu\.gradle\jdks\eclipse_adoptium-17-amd64-windows.2'.
Compiling with JDK Java compiler API.
./gradlew : C:\Development\Owner\GigWage
Truth\build\generated-sources\jte\gg\jte
\generated\precompiled\salary\Jtecityrep
ortGenerated.java:156: error: cannot fin
d symbol
위치 줄:1 문자:1
+ ./gradlew test --info > build_output.l
og 2>&1
+ ~~~~~~~~~~~~~~~~~~~~~~~~~~~~~~~~~~~~~~
~~~~~~~
    + CategoryInfo          : NotSpecifi
ed:     (C:\Development\...not find symb
ol:Str    ing) [], RemoteException
    + FullyQualifiedErrorId : NativeComm
and    Error
 
				jteOutput.writeUserContent(AppConsta
nts.BASE_URL);
				                           ^
  symbol: variable AppConstants
C:\Development\Owner\GigWageTruth\build\
generated-sources\jte\gg\jte\generated\p
recompiled\salary\JtecityworklevelGenera
ted.java:142: error: cannot find symbol
				jteOutput.writeUserContent(cityName)
;
				                           ^
  symbol: variable cityName
C:\Development\Owner\GigWageTruth\build\
generated-sources\jte\gg\jte\generated\p
recompiled\salary\JtecityworklevelGenera
ted.java:177: error: cannot find symbol
				jteOutput.writeUserContent(String.fo
rmat("%.2f", scenario.netProfit()));
				                                    
                     ^
  symbol:   method netProfit()
  location: variable scenario of type Ci
tyScenario
Note: Some input files use unchecked or 
unsafe operations.
Note: Recompile with -Xlint:unchecked fo
r details.
3 errors
Incremental compilation of 20 classes completed in 1.18 secs.

[Incubating] Problems report is available at: file:///C:/Development/Owner/GigWageTruth/build/reports/problems/problems-report.html

FAILURE: Build failed with an exception.

* What went wrong:
Execution failed for task ':compileJava'
.
> Compilation failed; see the compiler o
utput below.
  C:\Development\Owner\GigWageTruth\buil
d\generated-sources\jte\gg\jte\generated
\precompiled\salary\JtecityreportGenerat
ed.java:156: error: cannot find symbol
  				jteOutput.writeUserContent(AppCons
tants.BASE_URL);
  				                           ^
    symbol: variable AppConstants
  3 errors

* Try:
> Check your code and dependencies to fi
x the compilation error(s)
> Run with --scan to generate a Build Sc
an (powered by Develocity).

BUILD FAILED in 2s
2 actionable tasks: 1 executed, 1 up-to-date
Watched directory hierarchies: [C:\Development\Owner\GigWageTruth]
