> Task :cleanGenerateJte
> Task :cleanPrecompileJte UP-TO-DATE
> Task :clean
> Task :generateJte

> Task :compileJava
.\gradlew : Note: Some input files use uncheck
ed or unsafe operations.
위치 줄:1 문자:1
+ .\gradlew clean compileJava 2>&1 | Out-Strin
g | ForEach-Object { $_ - ...
+ ~~~~~~~~~~~~~~~~~~~~~~~~~~~~~~~~
    + CategoryInfo          : NotSpecified: ( 
   Note: Some inpu...afe operations.:String)  
   [], RemoteException
    + FullyQualifiedErrorId : NativeCommandEr 
   ror
 
Note: Recompile with -Xlint:unchecked for deta
ils.

[Incubating] Problems report is available at: file:///C:/Development/Owner/GigWageTruth/build/reports/problems/problems-report.html

BUILD SUCCESSFUL in 3s
5 actionable tasks: 4 executed, 1 up-to-date
Consider enabling configuration cache to speed up this build: https://docs.gradle.org/9.2.1/userguide/configuration_cache_enabling.html

