
> Task :generateJte FAILED
./gradlew : Failed to generate templates.
위치 줄:1 문자:1
+ ./gradlew build -x test > compile.log 2>&1; 
cat compile.log
+ ~~~~~~~~~~~~~~~~~~~~~~~~~~~~~~~~~~~~~~~~~~
    + CategoryInfo          : NotSpecified: ( 
   Failed to generate templates.:String) [],  
   RemoteException
    + FullyQualifiedErrorId : NativeCommandEr 
   ror
 
java.io.UncheckedIOException: java.nio.charset
.MalformedInputException: Input length = 1
	at gg.jte.resolve.DirectoryCodeResolver.resol
veRequired(DirectoryCodeResolver.java:42)
	at gg.jte.compiler.TemplateCompiler.resolveCo
de(TemplateCompiler.java:292)
	at gg.jte.compiler.TemplateCompiler.generateT
emplateCall(TemplateCompiler.java:260)
	at gg.jte.compiler.TemplateCompiler.generate(
TemplateCompiler.java:169)
	at gg.jte.compiler.TemplateCompiler.generateA
ll(TemplateCompiler.java:83)
	at gg.jte.TemplateEngine.generateAll(Template
Engine.java:306)
	at gg.jte.gradle.GenerateJteWorker.execute(Ge
nerateJteWorker.java:43)
	at org.gradle.workers.internal.DefaultWorkerS
erver.execute(DefaultWorkerServer.java:68)
	at org.gradle.workers.internal.AbstractClassL
oaderWorker$1.create(AbstractClassLoaderWorker
.java:54)
	at org.gradle.workers.internal.AbstractClassL
oaderWorker$1.create(AbstractClassLoaderWorker
.java:48)
	at org.gradle.internal.classloader.ClassLoade
rUtils.executeInClassloader(ClassLoaderUtils.j
ava:100)
	at org.gradle.workers.internal.AbstractClassL
oaderWorker.executeInClassLoader(AbstractClass
LoaderWorker.java:48)
	at org.gradle.workers.internal.IsolatedClassl
oaderWorker.run(IsolatedClassloaderWorker.java
:49)
	at org.gradle.workers.internal.IsolatedClassl
oaderWorker.run(IsolatedClassloaderWorker.java
:30)
	at org.gradle.workers.internal.IsolatedClassl
oaderWorkerFactory$1.lambda$execute$0(Isolated
ClassloaderWorkerFactory.java:60)
	at org.gradle.workers.internal.AbstractWorker
$1.call(AbstractWorker.java:44)
	at org.gradle.workers.internal.AbstractWorker
$1.call(AbstractWorker.java:41)
	at org.gradle.internal.operations.DefaultBuil
dOperationRunner$CallableBuildOperationWorker.
execute(DefaultBuildOperationRunner.java:209)
	at org.gradle.internal.operations.DefaultBuil
dOperationRunner$CallableBuildOperationWorker.
execute(DefaultBuildOperationRunner.java:204)
	at org.gradle.internal.operations.DefaultBuil
dOperationRunner$2.execute(DefaultBuildOperati
onRunner.java:66)
	at org.gradle.internal.operations.DefaultBuil
dOperationRunner$2.execute(DefaultBuildOperati
onRunner.java:59)
	at org.gradle.internal.operations.DefaultBuil
dOperationRunner.execute(DefaultBuildOperation
Runner.java:166)
	at org.gradle.internal.operations.DefaultBuil
dOperationRunner.execute(DefaultBuildOperation
Runner.java:59)
	at org.gradle.internal.operations.DefaultBuil
dOperationRunner.call(DefaultBuildOperationRun
ner.java:53)
	at org.gradle.workers.internal.AbstractWorker
.executeWrappedInBuildOperation(AbstractWorker
.java:41)
	at org.gradle.workers.internal.IsolatedClassl
oaderWorkerFactory$1.execute(IsolatedClassload
erWorkerFactory.java:52)
	at org.gradle.workers.internal.DefaultWorkerE
xecutor.lambda$submitWork$0(DefaultWorkerExecu
tor.java:176)
	at java.base/java.util.concurrent.FutureTask.
run(FutureTask.java:317)
	at org.gradle.internal.work.DefaultConditiona
lExecutionQueue$ExecutionRunner.runExecution(D
efaultConditionalExecutionQueue.java:194)
	at org.gradle.internal.work.DefaultConditiona
lExecutionQueue$ExecutionRunner.access$700(Def
aultConditionalExecutionQueue.java:127)
	at org.gradle.internal.work.DefaultConditiona
lExecutionQueue$ExecutionRunner$1.run(DefaultC
onditionalExecutionQueue.java:169)
	at org.gradle.internal.Factories$1.create(Fac
tories.java:33)
	at org.gradle.internal.work.DefaultWorkerLeas
eService.lambda$withLocksAcquired$0(DefaultWor
kerLeaseService.java:269)
	at org.gradle.internal.work.ResourceLockStati
stics$1.measure(ResourceLockStatistics.java:42
)
	at org.gradle.internal.work.DefaultWorkerLeas
eService.withLocksAcquired(DefaultWorkerLeaseS
ervice.java:267)
	at org.gradle.internal.work.DefaultWorkerLeas
eService.withLocks(DefaultWorkerLeaseService.j
ava:259)
	at org.gradle.internal.work.DefaultWorkerLeas
eService.runAsWorkerThread(DefaultWorkerLeaseS
ervice.java:127)
	at org.gradle.internal.work.DefaultWorkerLeas
eService.runAsWorkerThread(DefaultWorkerLeaseS
ervice.java:132)
	at org.gradle.internal.work.DefaultConditiona
lExecutionQueue$ExecutionRunner.runBatch(Defau
ltConditionalExecutionQueue.java:164)
	at org.gradle.internal.work.DefaultConditiona
lExecutionQueue$ExecutionRunner.run(DefaultCon
ditionalExecutionQueue.java:133)
	at java.base/java.util.concurrent.Executors$R
unnableAdapter.call(Executors.java:572)
	at java.base/java.util.concurrent.FutureTask.
run(FutureTask.java:317)
	at org.gradle.internal.concurrent.ExecutorPol
icy$CatchAndRecordFailures.onExecute(ExecutorP
olicy.java:64)
	at org.gradle.internal.concurrent.AbstractMan
agedExecutor$1.run(AbstractManagedExecutor.jav
a:47)
	at java.base/java.util.concurrent.ThreadPoolE
xecutor.runWorker(ThreadPoolExecutor.java:1144
)
	at java.base/java.util.concurrent.ThreadPoolE
xecutor$Worker.run(ThreadPoolExecutor.java:642
)
	at java.base/java.lang.Thread.run(Thread.java
:1575)
Caused by: java.nio.charset.MalformedInputExce
ption: Input length = 1
	at gg.jte.resolve.DirectoryCodeResolver.resol
veRequired(DirectoryCodeResolver.java:38)
	at gg.jte.compiler.TemplateCompiler.resolveCo
de(TemplateCompiler.java:292)
	at gg.jte.compiler.TemplateCompiler.generateT
emplateCall(TemplateCompiler.java:260)
	at gg.jte.compiler.TemplateCompiler.generate(
TemplateCompiler.java:169)
	at gg.jte.compiler.TemplateCompiler.generateA
ll(TemplateCompiler.java:83)
	at gg.jte.TemplateEngine.generateAll(Template
Engine.java:306)
	at gg.jte.gradle.GenerateJteWorker.execute(Ge
nerateJteWorker.java:43)
	at org.gradle.workers.internal.DefaultWorkerS
erver.execute(DefaultWorkerServer.java:68)
	at org.gradle.workers.internal.AbstractClassL
oaderWorker$1.create(AbstractClassLoaderWorker
.java:54)
	at org.gradle.workers.internal.AbstractClassL
oaderWorker$1.create(AbstractClassLoaderWorker
.java:48)
	at org.gradle.internal.classloader.ClassLoade
rUtils.executeInClassloader(ClassLoaderUtils.j
ava:100)
	at org.gradle.workers.internal.AbstractClassL
oaderWorker.executeInClassLoader(AbstractClass
LoaderWorker.java:48)
	at org.gradle.workers.internal.IsolatedClassl
oaderWorker.run(IsolatedClassloaderWorker.java
:49)
	at org.gradle.workers.internal.IsolatedClassl
oaderWorker.run(IsolatedClassloaderWorker.java
:30)
	at org.gradle.workers.internal.IsolatedClassl
oaderWorkerFactory$1.lambda$execute$0(Isolated
ClassloaderWorkerFactory.java:60)
	at org.gradle.workers.internal.AbstractWorker
$1.call(AbstractWorker.java:44)
	at org.gradle.workers.internal.AbstractWorker
$1.call(AbstractWorker.java:41)
	at org.gradle.internal.operations.DefaultBuil
dOperationRunner$CallableBuildOperationWorker.
execute(DefaultBuildOperationRunner.java:209)
	at org.gradle.internal.operations.DefaultBuil
dOperationRunner$CallableBuildOperationWorker.
execute(DefaultBuildOperationRunner.java:204)
	at org.gradle.internal.operations.DefaultBuil
dOperationRunner$2.execute(DefaultBuildOperati
onRunner.java:66)
	at org.gradle.internal.operations.DefaultBuil
dOperationRunner$2.execute(DefaultBuildOperati
onRunner.java:59)
	at org.gradle.internal.operations.DefaultBuil
dOperationRunner.execute(DefaultBuildOperation
Runner.java:166)
	at org.gradle.internal.operations.DefaultBuil
dOperationRunner.execute(DefaultBuildOperation
Runner.java:59)
	at org.gradle.internal.operations.DefaultBuil
dOperationRunner.call(DefaultBuildOperationRun
ner.java:53)
	at org.gradle.workers.internal.AbstractWorker
.executeWrappedInBuildOperation(AbstractWorker
.java:41)
	at org.gradle.workers.internal.IsolatedClassl
oaderWorkerFactory$1.execute(IsolatedClassload
erWorkerFactory.java:52)
	at org.gradle.workers.internal.DefaultWorkerE
xecutor.lambda$submitWork$0(DefaultWorkerExecu
tor.java:176)
	at org.gradle.internal.work.DefaultConditiona
lExecutionQueue$ExecutionRunner.runExecution(D
efaultConditionalExecutionQueue.java:194)
	at org.gradle.internal.work.DefaultConditiona
lExecutionQueue$ExecutionRunner.access$700(Def
aultConditionalExecutionQueue.java:127)
	at org.gradle.internal.work.DefaultConditiona
lExecutionQueue$ExecutionRunner$1.run(DefaultC
onditionalExecutionQueue.java:169)
	at org.gradle.internal.Factories$1.create(Fac
tories.java:33)
	at org.gradle.internal.work.DefaultWorkerLeas
eService.lambda$withLocksAcquired$0(DefaultWor
kerLeaseService.java:269)
	at org.gradle.internal.work.ResourceLockStati
stics$1.measure(ResourceLockStatistics.java:42
)
	at org.gradle.internal.work.DefaultWorkerLeas
eService.withLocksAcquired(DefaultWorkerLeaseS
ervice.java:267)
	at org.gradle.internal.work.DefaultWorkerLeas
eService.withLocks(DefaultWorkerLeaseService.j
ava:259)
	at org.gradle.internal.work.DefaultWorkerLeas
eService.runAsWorkerThread(DefaultWorkerLeaseS
ervice.java:127)
	at org.gradle.internal.work.DefaultWorkerLeas
eService.runAsWorkerThread(DefaultWorkerLeaseS
ervice.java:132)
	at org.gradle.internal.work.DefaultConditiona
lExecutionQueue$ExecutionRunner.runBatch(Defau
ltConditionalExecutionQueue.java:164)
	at org.gradle.internal.work.DefaultConditiona
lExecutionQueue$ExecutionRunner.run(DefaultCon
ditionalExecutionQueue.java:133)
	at org.gradle.internal.concurrent.ExecutorPol
icy$CatchAndRecordFailures.onExecute(ExecutorP
olicy.java:64)
	at org.gradle.internal.concurrent.AbstractMan
agedExecutor$1.run(AbstractManagedExecutor.jav
a:47)

FAILURE: Build failed with an exception.

* What went wrong:
Execution failed for task ':generateJte'.
> There was a failure while executing work ite
ms
   > A failure occurred while executing gg.jte
.gradle.GenerateJteWorker
      > java.nio.charset.MalformedInputExcepti
on: Input length = 1

* Try:
> Run with --stacktrace option to get the stac
k trace.
> Run with --info or --debug option to get mor
e log output.
> Run with --scan to generate a Build Scan (po
wered by Develocity).
> Get more help at https://help.gradle.org.

BUILD FAILED in 1s
1 actionable task: 1 executed
